svidya1@LIN33005349 MINGW64 /c/Assignments
$ touch readme.txt

svidya1@LIN33005349 MINGW64 /c/Assignments
$ gigit status
bash: gigit: command not found

svidya1@LIN33005349 MINGW64 /c/Assignments
$ gigit init
bash: gigit: command not found

svidya1@LIN33005349 MINGW64 /c/Assignments
$ git init
Initialized empty Git repository in C:/Assignments/.git/

svidya1@LIN33005349 MINGW64 /c/Assignments (master)
$ git status
On branch master

No commits yet

Untracked files:
  (use "git add <file>..." to include in what will be committed)
        readme.txt

nothing added to commit but untracked files present (use "git add" to track)

svidya1@LIN33005349 MINGW64 /c/Assignments (master)
$ git add readme.txt

svidya1@LIN33005349 MINGW64 /c/Assignments (master)
$ git commit -m "assignments file"
[master (root-commit) 69e372a] assignments file
 Committer: Vidya <s.vidya@capgemini.com>
Your name and email address were configured automatically based
on your username and hostname. Please check that they are accurate.
You can suppress this message by setting them explicitly:

    git config --global user.name "Your Name"
    git config --global user.email you@example.com

After doing this, you may fix the identity used for this commit with:

    git commit --amend --reset-author

 1 file changed, 1 insertion(+)
 create mode 100644 readme.txt

svidya1@LIN33005349 MINGW64 /c/Assignments (master)
$ git branch html-assignments

svidya1@LIN33005349 MINGW64 /c/Assignments (master)
$ git checkout html-assignments
Switched to branch 'html-assignments'

svidya1@LIN33005349 MINGW64 /c/Assignments (html-assignments)
$ git add C:\Assignments

svidya1@LIN33005349 MINGW64 /c/Assignments (html-assignments)
$ git status
On branch html-assignments
Changes to be committed:
  (use "git restore --staged <file>..." to unstage)
        new file:   html-assignments.txt


svidya1@LIN33005349 MINGW64 /c/Assignments (html-assignments)
$ git commit -m "first version of html"
[html-assignments 8e1f657] first version of html
 Committer: Vidya <s.vidya@capgemini.com>
Your name and email address were configured automatically based
on your username and hostname. Please check that they are accurate.
You can suppress this message by setting them explicitly:

    git config --global user.name "Your Name"
    git config --global user.email you@example.com

After doing this, you may fix the identity used for this commit with:

    git commit --amend --reset-author

 1 file changed, 8 insertions(+)
 create mode 100644 html-assignments.txt

svidya1@LIN33005349 MINGW64 /c/Assignments (html-assignments)
$ git status
On branch html-assignments
Changes not staged for commit:
  (use "git add <file>..." to update what will be committed)
  (use "git restore <file>..." to discard changes in working directory)
        modified:   html-assignments.txt

no changes added to commit (use "git add" and/or "git commit -a")

svidya1@LIN33005349 MINGW64 /c/Assignments (html-assignments)
$ git add C:\Assignments

svidya1@LIN33005349 MINGW64 /c/Assignments (html-assignments)
$ git checkout master
error: Your local changes to the following files would be overwritten by checkout:
        html-assignments.txt
Please commit your changes or stash them before you switch branches.
Aborting

svidya1@LIN33005349 MINGW64 /c/Assignments (html-assignments)
$ git commit -m "html-assignments modified"
[html-assignments 9cc8490] html-assignments modified
 Committer: Vidya <s.vidya@capgemini.com>
Your name and email address were configured automatically based
on your username and hostname. Please check that they are accurate.
You can suppress this message by setting them explicitly:

    git config --global user.name "Your Name"
    git config --global user.email you@example.com

After doing this, you may fix the identity used for this commit with:

    git commit --amend --reset-author

 1 file changed, 1 insertion(+), 1 deletion(-)

svidya1@LIN33005349 MINGW64 /c/Assignments (html-assignments)
$ git checkout master
Switched to branch 'master'

svidya1@LIN33005349 MINGW64 /c/Assignments (master)
$

svidya1@LIN33005349 MINGW64 /c/Assignments (master)
$ git status
On branch master
Changes not staged for commit:
  (use "git add <file>..." to update what will be committed)
  (use "git restore <file>..." to discard changes in working directory)
        modified:   readme.txt

no changes added to commit (use "git add" and/or "git commit -a")

svidya1@LIN33005349 MINGW64 /c/Assignments (master)
$ git add readme.txt

svidya1@LIN33005349 MINGW64 /c/Assignments (master)
$ git commit -m "changes modified"
[master 8bd5d26] changes modified
 Committer: Vidya <s.vidya@capgemini.com>
Your name and email address were configured automatically based
on your username and hostname. Please check that they are accurate.
You can suppress this message by setting them explicitly:

    git config --global user.name "Your Name"
    git config --global user.email you@example.com

After doing this, you may fix the identity used for this commit with:

    git commit --amend --reset-author

 1 file changed, 1 insertion(+), 1 deletion(-)

svidya1@LIN33005349 MINGW64 /c/Assignments (master)
$ git checkout html-assignments
Switched to branch 'html-assignments'

svidya1@LIN33005349 MINGW64 /c/Assignments (html-assignments)
$ git status
On branch html-assignments
Changes not staged for commit:
  (use "git add <file>..." to update what will be committed)
  (use "git restore <file>..." to discard changes in working directory)
        modified:   html-assignments.txt

no changes added to commit (use "git add" and/or "git commit -a")

svidya1@LIN33005349 MINGW64 /c/Assignments (html-assignments)
$ git add html-assignments
fatal: pathspec 'html-assignments' did not match any files

svidya1@LIN33005349 MINGW64 /c/Assignments (html-assignments)
$ git add C:\Assignments

svidya1@LIN33005349 MINGW64 /c/Assignments (html-assignments)
$ git commit -m "changes done in html-assignments"
[html-assignments 9e99f7a] changes done in html-assignments
 Committer: Vidya <s.vidya@capgemini.com>
Your name and email address were configured automatically based
on your username and hostname. Please check that they are accurate.
You can suppress this message by setting them explicitly:

    git config --global user.name "Your Name"
    git config --global user.email you@example.com

After doing this, you may fix the identity used for this commit with:

    git commit --amend --reset-author

 1 file changed, 1 insertion(+), 1 deletion(-)

svidya1@LIN33005349 MINGW64 /c/Assignments (html-assignments)
$ git checkout master
Switched to branch 'master'

svidya1@LIN33005349 MINGW64 /c/Assignments (master)
$ git merge html-assignments
Merge made by the 'ort' strategy.
 html-assignments.txt | 8 ++++++++
 1 file changed, 8 insertions(+)
 create mode 100644 html-assignments.txt

svidya1@LIN33005349 MINGW64 /c/Assignments (master)
$ git log
commit 217f4707cbcf1eec6e26b185ed371aba7a1fb2f3 (HEAD -> master)
Merge: 8bd5d26 9e99f7a
Author: Vidya <s.vidya@capgemini.com>
Date:   Sat Dec 11 18:26:39 2021 +0530

    changes made
    Merge branch 'html-assignments'

commit 9e99f7a44cf587e3b9d4db8372d7027947158e23 (html-assignments)
Author: Vidya <s.vidya@capgemini.com>
Date:   Sat Dec 11 18:25:56 2021 +0530

    changes done in html-assignments

commit 8bd5d26a5e9922b309a6a489953dde38615eb90d
Author: Vidya <s.vidya@capgemini.com>
Date:   Sat Dec 11 18:22:05 2021 +0530

    changes modified

commit 9cc8490d859300534a29249613d62e36d657cdf3
Author: Vidya <s.vidya@capgemini.com>
Date:   Sat Dec 11 18:19:01 2021 +0530

    html-assignments modified

commit 8e1f65778f4fbbfcadec89ed632fe5b0919663b2
Author: Vidya <s.vidya@capgemini.com>
Date:   Sat Dec 11 18:15:16 2021 +0530

    first version of html

commit 69e372a67f47ee2c4e29adb4985c8dc129fe85f7
Author: Vidya <s.vidya@capgemini.com>
Date:   Sat Dec 11 18:07:47 2021 +0530

    assignments file

svidya1@LIN33005349 MINGW64 /c/Assignments (master)
$ git branch -d html-assignments
Deleted branch html-assignments (was 9e99f7a).

svidya1@LIN33005349 MINGW64 /c/Assignments (master)
$